// Jest Snapshot v1, https://goo.gl/fbAQLP

exports[`App.vue should render the component correctly 1`] = `
<div
  class="v-application v-application--is-ltr theme--light"
  data-app="true"
  id="app"
>
  <div
    class="v-application--wrap"
  >
    <header
      class="d-flex justify-center v-sheet theme--dark v-toolbar v-app-bar v-app-bar--fixed primary"
      style="height: 64px; margin-top: 0px; transform: translateY(0px); left: 0px; right: 0px;"
    >
      <div
        class="v-toolbar__content"
        style="height: 64px;"
      >
        <div
          class="v-toolbar__title"
        >
          Madison Reed | Gallery
        </div>
      </div>
    </header>
     
    <main
      class="v-main"
      style="padding: 64px 0px 0px 0px;"
    >
      <div
        class="v-main__wrap"
      >
        <div
          class="mt-5"
        >
          <div
            class="d-flex justify-center align-center"
          >
            <div
              aria-valuemax="100"
              aria-valuemin="0"
              class="v-progress-circular v-progress-circular--indeterminate secondary--text"
              role="progressbar"
              style="height: 50px; width: 50px;"
            >
              <svg
                style="transform: rotate(0deg);"
                viewBox="21.73913043478261 21.73913043478261 43.47826086956522 43.47826086956522"
                xmlns="http://www.w3.org/2000/svg"
              >
                <circle
                  class="v-progress-circular__overlay"
                  cx="43.47826086956522"
                  cy="43.47826086956522"
                  fill="transparent"
                  r="20"
                  stroke-dasharray="125.664"
                  stroke-dashoffset="125.66370614359172px"
                  stroke-width="3.4782608695652177"
                />
              </svg>
              <div
                class="v-progress-circular__info"
              />
            </div>
             
            <span
              class="ml-3"
            >
               we're getting ready for you! please wait 
            </span>
          </div>
        </div>
      </div>
    </main>
  </div>
</div>
`;
