// Jest Snapshot v1, https://goo.gl/fbAQLP

exports[`PhotosGrid.vue should render the component correctly 1`] = `
<div>
  <transition-stub
    name="cool-lightbox-modal"
  >
    <!---->
  </transition-stub>
   
  <div
    infinite-scroll-distance="10"
  >
    <div
      class="row"
    />
  </div>
</div>
`;
