// Jest Snapshot v1, https://goo.gl/fbAQLP

exports[`PhotosDetailViewer.vue should render the component correctly 1`] = `
<transition-stub
  name="fade"
>
  <!---->
</transition-stub>
`;
