// Jest Snapshot v1, https://goo.gl/fbAQLP

exports[`PhotosGrid.vue should render the component correctly 1`] = `
<div
  class="d-flex-center"
>
  <transition-stub
    name="fade"
  >
    <!---->
  </transition-stub>
   
  <div>
    <div
      class="grid-container"
    />
  </div>
</div>
`;
